GAMS 40.2.0  6cf3fb9c Sep 1, 2022           LEX-LEG x86 64bit/Linux - 10/03/22 11:41:11 Page 1
G e n e r a l   A l g e b r a i c   M o d e l i n g   S y s t e m
C o m p i l a t i o n


   1  Variables
   2      botella 'toneladas de PET-botella'
   3      fibra   'toneladas de PET-fibra'
   4      z       'beneficio total obtenido'
   5   
   6  Positive Variables botella, fibra;
   7   
   8  Equations obj, PTA, EtG;
   9   
  10      obj..   z =e= 36*botella+30*fibra;
  11      PTA..   0.966*botella+0.912*fibra =l= 260;
  12      EtG..   0.365*botella+0.344*fibra =l= 150;
  13   
  14  Model PetBF /all/;
  15   
  16  OPTION LP=CPLEX;
  17   
  18  PetBF.OPTFILE=1;
  19   
  20  solve PetBF using lp maximizing z;


COMPILATION TIME     =        0.001 SECONDS      2 MB  40.2.0 6cf3fb9c LEX-LEG
GAMS 40.2.0  6cf3fb9c Sep 1, 2022           LEX-LEG x86 64bit/Linux - 10/03/22 11:41:11 Page 2
G e n e r a l   A l g e b r a i c   M o d e l i n g   S y s t e m
Equation Listing    SOLVE PetBF Using LP From line 20


---- obj  =E=  

obj..  - 36*botella - 30*fibra + z =E= 0 ; (LHS = 0)
     

---- PTA  =L=  

PTA..  0.966*botella + 0.912*fibra =L= 260 ; (LHS = 0)
     

---- EtG  =L=  

EtG..  0.365*botella + 0.344*fibra =L= 150 ; (LHS = 0)
     
GAMS 40.2.0  6cf3fb9c Sep 1, 2022           LEX-LEG x86 64bit/Linux - 10/03/22 11:41:11 Page 3
G e n e r a l   A l g e b r a i c   M o d e l i n g   S y s t e m
Column Listing      SOLVE PetBF Using LP From line 20


---- botella  toneladas de PET-botella

botella
                (.LO, .L, .UP, .M = 0, 0, +INF, 0)
      -36       obj
        0.966   PTA
        0.365   EtG


---- fibra  toneladas de PET-fibra

fibra
                (.LO, .L, .UP, .M = 0, 0, +INF, 0)
      -30       obj
        0.912   PTA
        0.344   EtG


---- z  beneficio total obtenido

z
                (.LO, .L, .UP, .M = -INF, 0, +INF, 0)
        1       obj

GAMS 40.2.0  6cf3fb9c Sep 1, 2022           LEX-LEG x86 64bit/Linux - 10/03/22 11:41:11 Page 4
G e n e r a l   A l g e b r a i c   M o d e l i n g   S y s t e m
Range Statistics    SOLVE PetBF Using LP From line 20


RANGE STATISTICS (ABSOLUTE NON-ZERO FINITE VALUES)

RHS       [min, max] : [ 1.500E+02, 2.600E+02] - Zero values observed as well
Bound     [min, max] : [        NA,        NA] - Zero values observed as well
Matrix    [min, max] : [ 3.440E-01, 3.600E+01]

GAMS 40.2.0  6cf3fb9c Sep 1, 2022           LEX-LEG x86 64bit/Linux - 10/03/22 11:41:11 Page 5
G e n e r a l   A l g e b r a i c   M o d e l i n g   S y s t e m
Model Statistics    SOLVE PetBF Using LP From line 20


MODEL STATISTICS

BLOCKS OF EQUATIONS           3     SINGLE EQUATIONS            3
BLOCKS OF VARIABLES           3     SINGLE VARIABLES            3
NON ZERO ELEMENTS             7


GENERATION TIME      =        0.004 SECONDS      3 MB  40.2.0 6cf3fb9c LEX-LEG
GAMS 40.2.0  6cf3fb9c Sep 1, 2022           LEX-LEG x86 64bit/Linux - 10/03/22 11:41:11 Page 6
G e n e r a l   A l g e b r a i c   M o d e l i n g   S y s t e m
Solution Report     SOLVE PetBF Using LP From line 20


               S O L V E      S U M M A R Y

     MODEL   PetBF               OBJECTIVE  z
     TYPE    LP                  DIRECTION  MAXIMIZE
     SOLVER  CPLEX               FROM LINE  20

**** SOLVER STATUS     1 Normal Completion
**** MODEL STATUS      1 Optimal
**** OBJECTIVE VALUE             9689.4410

 RESOURCE USAGE, LIMIT          0.032 10000000000.000
 ITERATION COUNT, LIMIT         1    2147483647
--- *** This solver runs with a demo license. No commercial use.

*** Error Cannot open parameter file "/home/embid/Desktop/class/mog/modelos-operativos-gestion/ejercicios/gams/cplex.opt"
*** Error Error code = 2; No such file or directory

--- GMO setup time: 0.00s
--- GMO memory 0.50 Mb (peak 0.50 Mb)
--- Dictionary memory 0.00 Mb
--- Cplex 22.1.0.0 link memory 0.00 Mb (peak 0.00 Mb)
--- Starting Cplex


--- LP status (1): optimal.
--- Cplex Time: 0.00sec (det. 0.00 ticks)


Optimal solution found
Objective:         9689.440994


                           LOWER          LEVEL          UPPER         MARGINAL

---- EQU obj                 .              .              .             1.0000      
---- EQU PTA               -INF          260.0000       260.0000        37.2671      
---- EQU EtG               -INF           98.2402       150.0000          .          

                           LOWER          LEVEL          UPPER         MARGINAL

---- VAR botella             .           269.1511        +INF             .          
---- VAR fibra               .              .            +INF           -3.9876      
---- VAR z                 -INF         9689.4410        +INF             .          

  botella  toneladas de PET-botella
  fibra  toneladas de PET-fibra
  z  beneficio total obtenido


**** REPORT SUMMARY :        0     NONOPT
                             0 INFEASIBLE
                             0  UNBOUNDED


EXECUTION TIME       =        0.053 SECONDS      3 MB  40.2.0 6cf3fb9c LEX-LEG


USER: GAMS Demo license for Juan Embid               G220915|0002CO-GEN
      Universidad Complutense de Madrid, Spain                 DL073690


**** FILE SUMMARY

Input      /home/embid/Desktop/class/mog/modelos-operativos-gestion/ejercicios/gams/pet_produccion.gms
Output     /home/embid/Desktop/class/mog/modelos-operativos-gestion/ejercicios/gams/pet_produccion.lst
